// Jest Snapshot v1, https://goo.gl/fbAQLP

exports[`<Home /> should render correctly 1`] = `
<View>
  <View
    id={4667}
    imageUrl="https://i.animepahe.com/snapshots/kenja-no-deshi-wo-nanoru-kenja.jpg"
    latestEpisodeNumber={9}
    testID="animeCard"
    title="Kenja no Deshi wo Nanoru Kenja"
  />
  <View
    id={4664}
    imageUrl="https://i.animepahe.com/snapshots/the-genius-princes-guide-to-raising-a-nation-out-of-debt.jpg"
    latestEpisodeNumber={9}
    testID="animeCard"
    title="Tensai Ouji no Akaji Kokka Saisei Jutsu"
  />
</View>
`;
