// Jest Snapshot v1, https://goo.gl/fbAQLP

exports[`<Home /> should render correctly 1`] = `
<RCTScrollView
  alwaysBounceVertical="false"
  bounces="false"
  keyboardShouldPersistTaps="handled"
  showsVerticalScrollIndicator={false}
>
  <View>
    <View
      style={
        Array [
          Object {
            "backgroundColor": "#1e2226",
            "flexBasis": 0,
            "flexGrow": 1,
            "flexShrink": 1,
            "paddingBottom": 0,
            "paddingLeft": 20,
            "paddingRight": 20,
            "paddingTop": 5,
          },
        ]
      }
    >
      <View
        id={4667}
        imageUrl="https://i.animepahe.com/snapshots/kenja-no-deshi-wo-nanoru-kenja.jpg"
        latestEpisodeNumber={9}
        testID="animeCard"
        title="Kenja no Deshi wo Nanoru Kenja"
      />
      <View
        id={4664}
        imageUrl="https://i.animepahe.com/snapshots/the-genius-princes-guide-to-raising-a-nation-out-of-debt.jpg"
        latestEpisodeNumber={9}
        testID="animeCard"
        title="Tensai Ouji no Akaji Kokka Saisei Jutsu"
      />
    </View>
  </View>
</RCTScrollView>
`;
