// Jest Snapshot v1, https://goo.gl/fbAQLP

exports[`<Cards /> should render correctly 1`] = `
<View
  style={
    Array [
      Object {},
    ]
  }
>
  <View
    style={
      Array [
        Object {},
      ]
    }
  >
    <Image
      source={
        Object {
          "uri": "https://www.sample-img.com",
        }
      }
      testID="featuredImage"
      width={750}
    />
  </View>
  <Text
    style={
      Array [
        Object {},
      ]
    }
  >
    Sample title
  </Text>
</View>
`;
