// Jest Snapshot v1, https://goo.gl/fbAQLP

exports[`<Header /> should render correctly 1`] = `
<View
  style={
    [
      {
        "backgroundColor": "#6a5498",
        "paddingBottom": 10,
        "paddingLeft": 10,
        "paddingRight": 10,
        "paddingTop": 0,
      },
    ]
  }
>
  <View
    style={
      [
        {
          "alignItems": "center",
        },
      ]
    }
  >
    <View
      testID="logo"
    />
  </View>
</View>
`;
